// Jest Snapshot v1, https://goo.gl/fbAQLP

exports[`Home page matches snapshot 1`] = `
<DocumentFragment>
  <header>
    <h1>
      Title
    </h1>
    <nav>
      <a
        href="/"
        style="display: inline-block; padding: 12px;"
      >
        Home
      </a>
      <a
        href="/about"
        style="display: inline-block; padding: 12px;"
      >
        About
      </a>
    </nav>
  </header>
  <main
    style="background-color: peachpuff;"
  >
    <button
      class="btn-blue"
    >
      Button
    </button>
  </main>
  <footer>
    <small>
      Â© 20xx example
    </small>
  </footer>
</DocumentFragment>
`;
